** Drc report for FAST Controller.kicad_pcb **
** Created on 2026-09-04T09:14:21 **
** Report includes: Errors, Warnings **

** Found 0 DRC violations **

** Found 2 unconnected pads **
[unconnected_items]: Missing connection between items
    Local override; error
    @(20.5000 mm, 20.5000 mm): Zone [/GND] on F.Cu, priority 0
    @(20.5000 mm, 20.5000 mm): Zone [/GND] on F.Cu, priority 0
[unconnected_items]: Missing connection between items
    Local override; error
    @(20.5000 mm, 20.5000 mm): Zone [/GND] on F.Cu, priority 0
    @(20.5000 mm, 20.5000 mm): Zone [/GND] on B.Cu, priority 0

** Found 0 Footprint errors **

** Ignored checks **
    - Footprint has no courtyard defined
    - Track endpoint not centered on via
    - Tuning profile track geometries
    - Footprint doesn't match symbol's footprint filters
    - Footprint component type doesn't match footprint pads

** End of Report **
